
Ompay@Admin MINGW64 ~/OneDrive/Desktop/GitHub (master)
$ git init
Initialized empty Git repository in C:/Users/Ompay/OneDrive/Desktop/GitHub/.git/

Ompay@Admin MINGW64 ~/OneDrive/Desktop/GitHub (master)
$ git_status
bash: git_status: command not found

Ompay@Admin MINGW64 ~/OneDrive/Desktop/GitHub (master)
$ git status
On branch master

No commits yet

Untracked files:
  (use "git add <file>..." to include in what will be committed)
        hello_world.txt

nothing added to commit but untracked files present (use "git add" to track)

Ompay@Admin MINGW64 ~/OneDrive/Desktop/GitHub (master)
$ git status
On branch master

No commits yet

Untracked files:
  (use "git add <file>..." to include in what will be committed)
        hello.txt
        hello_world.txt

nothing added to commit but untracked files present (use "git add" to track)

Ompay@Admin MINGW64 ~/OneDrive/Desktop/GitHub (master)
$ git add
Nothing specified, nothing added.
hint: Maybe you wanted to say 'git add .'?
hint: Turn this message off by running
hint: "git config advice.addEmptyPathspec false"

Ompay@Admin MINGW64 ~/OneDrive/Desktop/GitHub (master)
$ git add hello.txt

Ompay@Admin MINGW64 ~/OneDrive/Desktop/GitHub (master)
$ git status
On branch master

No commits yet

Changes to be committed:
  (use "git rm --cached <file>..." to unstage)
        new file:   hello.txt

Untracked files:
  (use "git add <file>..." to include in what will be committed)
        hello_world.txt


Ompay@Admin MINGW64 ~/OneDrive/Desktop/GitHub (master)
$ git status
On branch master

No commits yet

Changes to be committed:
  (use "git rm --cached <file>..." to unstage)
        new file:   hello.txt

Changes not staged for commit:
  (use "git add <file>..." to update what will be committed)
  (use "git restore <file>..." to discard changes in working directory)
        modified:   hello.txt

Untracked files:
  (use "git add <file>..." to include in what will be committed)
        hello_world.txt


Ompay@Admin MINGW64 ~/OneDrive/Desktop/GitHub (master)
$ git add .

Ompay@Admin MINGW64 ~/OneDrive/Desktop/GitHub (master)
$ git status
On branch master

No commits yet

Changes to be committed:
  (use "git rm --cached <file>..." to unstage)
        new file:   hello.txt
        new file:   hello_world.txt


Ompay@Admin MINGW64 ~/OneDrive/Desktop/GitHub (master)
$ git status
On branch master

No commits yet

Changes to be committed:
  (use "git rm --cached <file>..." to unstage)
        new file:   hello.txt
        new file:   hello_world.txt

Changes not staged for commit:
  (use "git add/rm <file>..." to update what will be committed)
  (use "git restore <file>..." to discard changes in working directory)
        deleted:    hello_world.txt


Ompay@Admin MINGW64 ~/OneDrive/Desktop/GitHub (master)
$ git add .

Ompay@Admin MINGW64 ~/OneDrive/Desktop/GitHub (master)
$ git status
On branch master

No commits yet

Changes to be committed:
  (use "git rm --cached <file>..." to unstage)
        new file:   hello.txt


Ompay@Admin MINGW64 ~/OneDrive/Desktop/GitHub (master)
$
--